// Jest Snapshot v1, https://goo.gl/fbAQLP

exports[`Pruebas en <SearchScreen /> debe mostrarse correctamente con valores por defecto 1`] = `
Array [
  <h1>
    Busquedas
  </h1>,
  <hr />,
  <div
    className="row"
  >
    <div
      className="col-5"
    >
      <h4>
        Buscar
      </h4>
      <hr />
      <form
        onSubmit={[Function]}
      >
        <input
          autoComplete="off"
          className="form-control"
          name="searchText"
          onChange={[Function]}
          placeholder="Buscar"
          type="text"
          value=""
        />
        <button
          className="btn btn-outline-primary mt-2"
          type="submit"
        >
          Buscar
        </button>
      </form>
    </div>
    <div
      className="col-7"
    >
      <h4>
        Resultados
      </h4>
      <hr />
      <div
        className="alert alert-danger"
      >
        Ingrese el heroe a buscar
      </div>
    </div>
  </div>,
]
`;
